// Vitest Snapshot v1, https://vitest.dev/guide/snapshot.html

exports[`Export Path Round-Trip Enforcement > Core Text Plugins > exports "datetime" plugin correctly 1`] = `
"        {
          auto now = id(ha_time).now();
          it.strftime(100, 30, id(font_roboto_32), color_off, TextAlign::CENTER, "%H:%M", now);
        }"
`;

exports[`Export Path Round-Trip Enforcement > Core Text Plugins > exports "sensor_text" plugin with entity attributes 1`] = `
"        {
          int w1, h1, xoff1, bl1;
          int w2, h2, xoff2, bl2;
          char value_buf[512];
          sprintf(value_buf, "Temp: %.2f °C", id(sensor_temperature).state);
          id(font_roboto_14)->measure("temperature: ", &w1, &xoff1, &bl1, &h1);
          // Align baselines for first line: yVal + bl1 = yVal2 + bl2
          // Note: we can't easily align baselines perfectly without measuring the value's first line first,
          // but we can approximate or just use top-aligned reference.
          // For wrapped text, we print the label, then wrap the rest.
          it.printf(5, 5, id(font_roboto_14), color_on, TextAlign::TOP_LEFT, "temperature: ");
          int val_max_w = 80 - w1;
          // Heuristic: if label is taller than value font, adjust y? mostly fine to align tops or just let baselines float.
          // Let's assume top alignment is safer for multi-line flow.
          print_wrapped_text(5 + w1, 5 + (bl1 - 14), val_max_w, 22, id(font_roboto_18), color_on, TextAlign::TOP_LEFT, value_buf);
        }"
`;

exports[`Export Path Round-Trip Enforcement > Core Text Plugins > exports "text" plugin correctly 1`] = `
"        it.printf(10, 20, id(font_roboto_24), color_on, TextAlign::TOP_LEFT, "Hello ");
        it.printf(10, 48, id(font_roboto_24), color_on, TextAlign::TOP_LEFT, "World");"
`;

exports[`Export Path Round-Trip Enforcement > Data Plugins > exports "graph" plugin correctly 1`] = `
"        it.graph(0, 0, id(graph_test_graph));

        // [Designer] Graph is auto-scaled without HA History or static Min/Max bounds.
        // Y-axis labels are omitted because the scale is unknown at compile time.
        it.rectangle(0 + 0, 0 + 0, 200 - 2 * 0, 100 - 2 * 0, red);
        it.rectangle(0 + 1, 0 + 1, 200 - 2 * 1, 100 - 2 * 1, red);
        for (int i = 0; i < 200; i += 4) {
          it.draw_pixel_at(0 + i, 25, red);
        }
        for (int i = 0; i < 200; i += 4) {
          it.draw_pixel_at(0 + i, 50, red);
        }
        for (int i = 0; i < 200; i += 4) {
          it.draw_pixel_at(0 + i, 75, red);
        }
        for (int i = 0; i < 100; i += 4) {
          it.draw_pixel_at(50, 0 + i, red);
        }
        for (int i = 0; i < 100; i += 4) {
          it.draw_pixel_at(100, 0 + i, red);
        }
        for (int i = 0; i < 100; i += 4) {
          it.draw_pixel_at(150, 0 + i, red);
        }
        it.printf(0 + 0, 0 + 100 + 2, id(font_roboto_12), red, TextAlign::TOP_LEFT, "-1.0d");
        it.printf(0 + 100, 0 + 100 + 2, id(font_roboto_12), red, TextAlign::TOP_CENTER, "-12.0h");
        it.printf(0 + 200, 0 + 100 + 2, id(font_roboto_12), red, TextAlign::TOP_RIGHT, "Now");"
`;

exports[`Export Path Round-Trip Enforcement > Data Plugins > exports "progress_bar" plugin correctly 1`] = `
"        it.rectangle(0, 0 + 20 - 15, 100, 15, blue);
        it.filled_rectangle(0 + 2, 0 + 20 - 15 + 2, 100 / 2, 15 - 4, blue);"
`;

exports[`Export Path Round-Trip Enforcement > Data Plugins > exports "qr_code" plugin correctly 1`] = `"        it.qr_code(0, 0, id(qr_test_qr), color_on, 4);"`;

exports[`Export Path Round-Trip Enforcement > Icon Plugins > exports "battery_icon" plugin correctly 1`] = `
"        {
          const char* bat_icon = "\\U000F0082"; // Default: battery-90
          float bat_level = 0;
          if (id(sensor_battery_level).has_state()) {
            bat_level = id(sensor_battery_level).state;
            if (std::isnan(bat_level)) bat_level = 0;
            if (bat_level >= 95) bat_icon = "\\U000F0079";      // battery (full)
            else if (bat_level >= 85) bat_icon = "\\U000F0082"; // battery-90
            else if (bat_level >= 75) bat_icon = "\\U000F0081"; // battery-80
            else if (bat_level >= 65) bat_icon = "\\U000F0080"; // battery-70
            else if (bat_level >= 55) bat_icon = "\\U000F007F"; // battery-60
            else if (bat_level >= 45) bat_icon = "\\U000F007E"; // battery-50
            else if (bat_level >= 35) bat_icon = "\\U000F007D"; // battery-40
            else if (bat_level >= 25) bat_icon = "\\U000F007C"; // battery-30
            else if (bat_level >= 15) bat_icon = "\\U000F007B"; // battery-20
            else if (bat_level >= 5) bat_icon = "\\U000F007A";  // battery-10
            else bat_icon = "\\U000F0083";                      // battery-alert (critical)
          }
          it.printf(10 + 40 / 2, 10 + (40 - 48) / 2, id(font_material_design_icons_32), green, TextAlign::TOP_CENTER, "%s", bat_icon);
          it.printf(10 + 40 / 2, 10 + (40 - 48) / 2 + 32 + 2, id(font_roboto_14), green, TextAlign::TOP_CENTER, "%.0f%%", bat_level);
        }"
`;

exports[`Export Path Round-Trip Enforcement > Icon Plugins > exports "icon" plugin correctly 1`] = `"        it.printf(80, 80, id(font_material_design_icons_48), color_on, TextAlign::CENTER, "%s", "\\U000F07D0");"`;

exports[`Export Path Round-Trip Enforcement > Shape Plugins > exports "shape_circle" plugin correctly 1`] = `
"        for (int i = 0; i < 1; i++) {
          it.circle(40, 40, 20 - i, red);
        }"
`;

exports[`Export Path Round-Trip Enforcement > Shape Plugins > exports "shape_rect" plugin correctly 1`] = `
"        {
        it.filled_rectangle(0, 0, 100, 50, blue);
        for (int i = 0; i < 2; i++) {
          it.rectangle(0 + i, 0 + i, 100 - 2 * i, 50 - 2 * i, blue);
        }
        }"
`;
